,S100/8123,S101/8118,S102/8145,S103/8150,S104/8162,S105/8151,S106/8079,S107/8192,S108/8103,S109/8446,S110/8096,S111/8449,S112/8459,S113/8451,S114/8452,S115/8234,S116/8209,S117/8026,S118/8490,S119/8130,S120/8477,S121/8264,S122/8134,S123/8176,S124/8220,S125/8210,S126/8135,S127/8112,S128/8202,S129/8204,S130/8507,S131/8274,S132/8297,S133/8222,S134/8546,S135/8381,S136/8391,S137/8574,S138/8047,S139/8583,S140/8013,S141/8080,S142/8621,S143/8071,S144/8417,S145/8371,S146/8430,S147/8639,S148/8242,S149/8312
